// 重构日志: f31fe71d
// 同步 ID: b830ae9f @ Sat Jul 18 15:00:51 UTC 2026
// 同步 ID: 223a33c5 @ Mon Jul 20 00:49:03 UTC 2026
// 同步 ID: e98fcaf2 @ Mon Jul 20 13:34:40 UTC 2026
// 同步 ID: 9e5249ae @ Tue Jul 21 06:27:50 UTC 2026
// 重构日志: 166543c0
// 重构日志: 472d35c8
// 重构日志: facd978c
// 同步 ID: be37479a @ Sat Jul 25 14:11:35 UTC 2026
// 重构日志: 1a0878ba
// 同步 ID: e2423c08 @ Sat Jul 25 18:24:29 UTC 2026
// 重构日志: 6e5f0c12
// 同步 ID: 049ef534 @ Sun Jul 26 09:32:18 UTC 2026
// 重构日志: ffe08264
// 重构日志: 29705878
// 同步 ID: 24d287ca @ Sun Jul 26 23:24:20 UTC 2026
// 重构日志: cd6d2b8e
// 重构日志: cfe252fc
// 同步 ID: 80d936a7 @ Mon Jul 27 18:36:54 UTC 2026
// 重构日志: c62b30b1
// 同步 ID: 9358b090 @ Wed Jul 29 04:11:47 UTC 2026
// 重构日志: 52f4cac1
// 同步 ID: f7035686 @ Thu Jul 30 14:32:47 UTC 2026
// 重构日志: 8dc500c9
// 同步 ID: 8784efb3 @ Sat Aug  1 07:18:00 UTC 2026
// 同步 ID: 34c0173b @ Sat Aug  1 14:16:06 UTC 2026
// 重构日志: a80850b3
// 同步 ID: 103c37e4 @ Tue Aug  4 04:22:13 UTC 2026
// 重构日志: 5dc0b1ef
// 同步 ID: 69068628 @ Wed Aug  5 09:30:59 UTC 2026
